
> @qa/playwright-typescript@1.0.0 test
> jest --verbose

node.exe : FAIL tests/api/workflows.spec.ts
En línea: 1 Carácter: 1
+ & "C:\nvm4w\nodejs/node.exe" "C:\nvm4w\nodejs/node_modules/npm/bin/np ...
+ ~~~~~~~~~~~~~~~~~~~~~~~~~~~~~~~~~~~~~~~~~~~~~~~~~~~~~~~~~~~~~~~~~~~~~
    + CategoryInfo          : NotSpecified: (FAIL tests/api/workflows.spec.ts: 
   String) [], RemoteException
    + FullyQualifiedErrorId : NativeCommandError
 
  ÔùÅ Test suite failed to run

    [96mtests/setup.ts[0m:[93m8[0m:[93m15[0m - [91merror[0m[90m 
TS2724: [0m'"@/utils/logger.js"' has no exported member named 'Logger'. Did 
you mean 'logger'?

    [7m8[0m import type { Logger } from '@/utils/logger.js';
    [7m [0m [91m              ~~~~~~[0m

      [96msrc/utils/logger.ts[0m:[93m107[0m:[93m14[0m
        [7m107[0m export const logger = createLogger('test-framework');
        [7m   [0m [96m             ~~~~~~[0m
        'logger' is declared here.

FAIL tests/ui/shopping-cart.spec.ts
  ÔùÅ Test suite failed to run

    [96mtests/setup.ts[0m:[93m8[0m:[93m15[0m - [91merror[0m[90m 
TS2724: [0m'"@/utils/logger.js"' has no exported member named 'Logger'. Did 
you mean 'logger'?

    [7m8[0m import type { Logger } from '@/utils/logger.js';
    [7m [0m [91m              ~~~~~~[0m

      [96msrc/utils/logger.ts[0m:[93m107[0m:[93m14[0m
        [7m107[0m export const logger = createLogger('test-framework');
        [7m   [0m [96m             ~~~~~~[0m
        'logger' is declared here.

FAIL tests/ui/checkout.spec.ts
  ÔùÅ Test suite failed to run

    [96mtests/setup.ts[0m:[93m8[0m:[93m15[0m - [91merror[0m[90m 
TS2724: [0m'"@/utils/logger.js"' has no exported member named 'Logger'. Did 
you mean 'logger'?

    [7m8[0m import type { Logger } from '@/utils/logger.js';
    [7m [0m [91m              ~~~~~~[0m

      [96msrc/utils/logger.ts[0m:[93m107[0m:[93m14[0m
        [7m107[0m export const logger = createLogger('test-framework');
        [7m   [0m [96m             ~~~~~~[0m
        'logger' is declared here.

FAIL tests/ui/auth.spec.ts
  ÔùÅ Test suite failed to run

    [96mtests/setup.ts[0m:[93m8[0m:[93m15[0m - [91merror[0m[90m 
TS2724: [0m'"@/utils/logger.js"' has no exported member named 'Logger'. Did 
you mean 'logger'?

    [7m8[0m import type { Logger } from '@/utils/logger.js';
    [7m [0m [91m              ~~~~~~[0m

      [96msrc/utils/logger.ts[0m:[93m107[0m:[93m14[0m
        [7m107[0m export const logger = createLogger('test-framework');
        [7m   [0m [96m             ~~~~~~[0m
        'logger' is declared here.

FAIL tests/api/products.spec.ts
  ÔùÅ Test suite failed to run

    [96mtests/setup.ts[0m:[93m8[0m:[93m15[0m - [91merror[0m[90m 
TS2724: [0m'"@/utils/logger.js"' has no exported member named 'Logger'. Did 
you mean 'logger'?

    [7m8[0m import type { Logger } from '@/utils/logger.js';
    [7m [0m [91m              ~~~~~~[0m

      [96msrc/utils/logger.ts[0m:[93m107[0m:[93m14[0m
        [7m107[0m export const logger = createLogger('test-framework');
        [7m   [0m [96m             ~~~~~~[0m
        'logger' is declared here.

FAIL tests/api/orders.spec.ts
  ÔùÅ Test suite failed to run

    [96mtests/setup.ts[0m:[93m8[0m:[93m15[0m - [91merror[0m[90m 
TS2724: [0m'"@/utils/logger.js"' has no exported member named 'Logger'. Did 
you mean 'logger'?

    [7m8[0m import type { Logger } from '@/utils/logger.js';
    [7m [0m [91m              ~~~~~~[0m

      [96msrc/utils/logger.ts[0m:[93m107[0m:[93m14[0m
        [7m107[0m export const logger = createLogger('test-framework');
        [7m   [0m [96m             ~~~~~~[0m
        'logger' is declared here.

FAIL tests/api/users.spec.ts
  ÔùÅ Test suite failed to run

    [96mtests/setup.ts[0m:[93m8[0m:[93m15[0m - [91merror[0m[90m 
TS2724: [0m'"@/utils/logger.js"' has no exported member named 'Logger'. Did 
you mean 'logger'?

    [7m8[0m import type { Logger } from '@/utils/logger.js';
    [7m [0m [91m              ~~~~~~[0m

      [96msrc/utils/logger.ts[0m:[93m107[0m:[93m14[0m
        [7m107[0m export const logger = createLogger('test-framework');
        [7m   [0m [96m             ~~~~~~[0m
        'logger' is declared here.

Test Suites: 7 failed, 7 total
Tests:       0 total
Snapshots:   0 total
Time:        3.844 s
Ran all test suites.
