
> @qa/playwright-typescript@1.0.0 test
> jest

node.exe : FAIL tests/api/products.spec.ts
En línea: 1 Carácter: 1
+ & "C:\nvm4w\nodejs/node.exe" "C:\nvm4w\nodejs/node_modules/npm/bin/np ...
+ ~~~~~~~~~~~~~~~~~~~~~~~~~~~~~~~~~~~~~~~~~~~~~~~~~~~~~~~~~~~~~~~~~~~~~
    + CategoryInfo          : NotSpecified: (FAIL tests/api/products.spec.ts:S 
   tring) [], RemoteException
    + FullyQualifiedErrorId : NativeCommandError
 
  ÔùÅ Test suite failed to run

    Jest encountered an unexpected token

    Jest failed to parse a file. This happens e.g. when your code or its 
dependencies use non-standard JavaScript syntax, or when Jest is not 
configured to support such syntax.

    Out of the box Jest supports Babel, which will be used to transform your 
files into valid JS based on your Babel configuration.

    By default "node_modules" folder is ignored by transformers.

    Here's what you can do:
     ÔÇó If you are trying to use ECMAScript Modules, see 
https://jestjs.io/docs/ecmascript-modules for how to enable it.
     ÔÇó If you are trying to use TypeScript, see 
https://jestjs.io/docs/getting-started#using-typescript
     ÔÇó To have some of your "node_modules" files transformed, you can 
specify a custom "transformIgnorePatterns" in your config.
     ÔÇó If you need a custom transformation specify a "transform" option in 
your config.
     ÔÇó If you simply want to mock your non-JS modules (e.g. binary assets) 
you can stub them out with the "moduleNameMapper" config option.

    You'll find more details and examples of these config options in the docs:
    https://jestjs.io/docs/configuration
    For information about custom transformations, see:
    https://jestjs.io/docs/code-transformation

    Details:

    C:\QA projects\Playwright - 
Typescript\node_modules\until-async\lib\index.js:23
    export { until };
    ^^^^^^

    SyntaxError: Unexpected token 'export'

    [0m [90m 4 |[39m [90m */[39m
     [90m 5 |[39m
    [31m[1m>[22m[39m[90m 6 |[39m [36mimport[39m { setupServer } 
[36mfrom[39m [32m'msw/node'[39m[33m;[39m
     [90m   |[39m [31m[1m^[22m[39m
     [90m 7 |[39m [36mimport[39m { handlers } [36mfrom[39m 
[32m'./handlers'[39m[33m;[39m
     [90m 8 |[39m
     [90m 9 |[39m [90m/**[39m[0m

      at Runtime.createScriptFromCode 
(node_modules/jest-runtime/build/index.js:1505:14)
      at Object.<anonymous> 
(node_modules/msw/src/core/utils/handleRequest.ts:1:23)
      at Object.<anonymous> 
(node_modules/msw/src/node/SetupServerCommonApi.ts:15:31)
      at Object.<anonymous> (src/mocks/server.ts:6:1)
      at Object.<anonymous> (tests/setup.ts:9:1)

FAIL tests/api/users.spec.ts
  ÔùÅ Test suite failed to run

    Jest encountered an unexpected token

    Jest failed to parse a file. This happens e.g. when your code or its 
dependencies use non-standard JavaScript syntax, or when Jest is not 
configured to support such syntax.

    Out of the box Jest supports Babel, which will be used to transform your 
files into valid JS based on your Babel configuration.

    By default "node_modules" folder is ignored by transformers.

    Here's what you can do:
     ÔÇó If you are trying to use ECMAScript Modules, see 
https://jestjs.io/docs/ecmascript-modules for how to enable it.
     ÔÇó If you are trying to use TypeScript, see 
https://jestjs.io/docs/getting-started#using-typescript
     ÔÇó To have some of your "node_modules" files transformed, you can 
specify a custom "transformIgnorePatterns" in your config.
     ÔÇó If you need a custom transformation specify a "transform" option in 
your config.
     ÔÇó If you simply want to mock your non-JS modules (e.g. binary assets) 
you can stub them out with the "moduleNameMapper" config option.

    You'll find more details and examples of these config options in the docs:
    https://jestjs.io/docs/configuration
    For information about custom transformations, see:
    https://jestjs.io/docs/code-transformation

    Details:

    C:\QA projects\Playwright - 
Typescript\node_modules\until-async\lib\index.js:23
    export { until };
    ^^^^^^

    SyntaxError: Unexpected token 'export'

    [0m [90m 4 |[39m [90m */[39m
     [90m 5 |[39m
    [31m[1m>[22m[39m[90m 6 |[39m [36mimport[39m { setupServer } 
[36mfrom[39m [32m'msw/node'[39m[33m;[39m
     [90m   |[39m [31m[1m^[22m[39m
     [90m 7 |[39m [36mimport[39m { handlers } [36mfrom[39m 
[32m'./handlers'[39m[33m;[39m
     [90m 8 |[39m
     [90m 9 |[39m [90m/**[39m[0m

      at Runtime.createScriptFromCode 
(node_modules/jest-runtime/build/index.js:1505:14)
      at Object.<anonymous> 
(node_modules/msw/src/core/utils/handleRequest.ts:1:23)
      at Object.<anonymous> 
(node_modules/msw/src/node/SetupServerCommonApi.ts:15:31)
      at Object.<anonymous> (src/mocks/server.ts:6:1)
      at Object.<anonymous> (tests/setup.ts:9:1)

FAIL tests/api/orders.spec.ts
  ÔùÅ Test suite failed to run

    Jest encountered an unexpected token

    Jest failed to parse a file. This happens e.g. when your code or its 
dependencies use non-standard JavaScript syntax, or when Jest is not 
configured to support such syntax.

    Out of the box Jest supports Babel, which will be used to transform your 
files into valid JS based on your Babel configuration.

    By default "node_modules" folder is ignored by transformers.

    Here's what you can do:
     ÔÇó If you are trying to use ECMAScript Modules, see 
https://jestjs.io/docs/ecmascript-modules for how to enable it.
     ÔÇó If you are trying to use TypeScript, see 
https://jestjs.io/docs/getting-started#using-typescript
     ÔÇó To have some of your "node_modules" files transformed, you can 
specify a custom "transformIgnorePatterns" in your config.
     ÔÇó If you need a custom transformation specify a "transform" option in 
your config.
     ÔÇó If you simply want to mock your non-JS modules (e.g. binary assets) 
you can stub them out with the "moduleNameMapper" config option.

    You'll find more details and examples of these config options in the docs:
    https://jestjs.io/docs/configuration
    For information about custom transformations, see:
    https://jestjs.io/docs/code-transformation

    Details:

    C:\QA projects\Playwright - 
Typescript\node_modules\until-async\lib\index.js:23
    export { until };
    ^^^^^^

    SyntaxError: Unexpected token 'export'

    [0m [90m 4 |[39m [90m */[39m
     [90m 5 |[39m
    [31m[1m>[22m[39m[90m 6 |[39m [36mimport[39m { setupServer } 
[36mfrom[39m [32m'msw/node'[39m[33m;[39m
     [90m   |[39m [31m[1m^[22m[39m
     [90m 7 |[39m [36mimport[39m { handlers } [36mfrom[39m 
[32m'./handlers'[39m[33m;[39m
     [90m 8 |[39m
     [90m 9 |[39m [90m/**[39m[0m

      at Runtime.createScriptFromCode 
(node_modules/jest-runtime/build/index.js:1505:14)
      at Object.<anonymous> 
(node_modules/msw/src/core/utils/handleRequest.ts:1:23)
      at Object.<anonymous> 
(node_modules/msw/src/node/SetupServerCommonApi.ts:15:31)
      at Object.<anonymous> (src/mocks/server.ts:6:1)
      at Object.<anonymous> (tests/setup.ts:9:1)

FAIL tests/api/workflows.spec.ts
  ÔùÅ Test suite failed to run

    Jest encountered an unexpected token

    Jest failed to parse a file. This happens e.g. when your code or its 
dependencies use non-standard JavaScript syntax, or when Jest is not 
configured to support such syntax.

    Out of the box Jest supports Babel, which will be used to transform your 
files into valid JS based on your Babel configuration.

    By default "node_modules" folder is ignored by transformers.

    Here's what you can do:
     ÔÇó If you are trying to use ECMAScript Modules, see 
https://jestjs.io/docs/ecmascript-modules for how to enable it.
     ÔÇó If you are trying to use TypeScript, see 
https://jestjs.io/docs/getting-started#using-typescript
     ÔÇó To have some of your "node_modules" files transformed, you can 
specify a custom "transformIgnorePatterns" in your config.
     ÔÇó If you need a custom transformation specify a "transform" option in 
your config.
     ÔÇó If you simply want to mock your non-JS modules (e.g. binary assets) 
you can stub them out with the "moduleNameMapper" config option.

    You'll find more details and examples of these config options in the docs:
    https://jestjs.io/docs/configuration
    For information about custom transformations, see:
    https://jestjs.io/docs/code-transformation

    Details:

    C:\QA projects\Playwright - 
Typescript\node_modules\until-async\lib\index.js:23
    export { until };
    ^^^^^^

    SyntaxError: Unexpected token 'export'

    [0m [90m 4 |[39m [90m */[39m
     [90m 5 |[39m
    [31m[1m>[22m[39m[90m 6 |[39m [36mimport[39m { setupServer } 
[36mfrom[39m [32m'msw/node'[39m[33m;[39m
     [90m   |[39m [31m[1m^[22m[39m
     [90m 7 |[39m [36mimport[39m { handlers } [36mfrom[39m 
[32m'./handlers'[39m[33m;[39m
     [90m 8 |[39m
     [90m 9 |[39m [90m/**[39m[0m

      at Runtime.createScriptFromCode 
(node_modules/jest-runtime/build/index.js:1505:14)
      at Object.<anonymous> 
(node_modules/msw/src/core/utils/handleRequest.ts:1:23)
      at Object.<anonymous> 
(node_modules/msw/src/node/SetupServerCommonApi.ts:15:31)
      at Object.<anonymous> (src/mocks/server.ts:6:1)
      at Object.<anonymous> (tests/setup.ts:9:1)

FAIL tests/ui/checkout.spec.ts
  ÔùÅ Test suite failed to run

    Jest encountered an unexpected token

    Jest failed to parse a file. This happens e.g. when your code or its 
dependencies use non-standard JavaScript syntax, or when Jest is not 
configured to support such syntax.

    Out of the box Jest supports Babel, which will be used to transform your 
files into valid JS based on your Babel configuration.

    By default "node_modules" folder is ignored by transformers.

    Here's what you can do:
     ÔÇó If you are trying to use ECMAScript Modules, see 
https://jestjs.io/docs/ecmascript-modules for how to enable it.
     ÔÇó If you are trying to use TypeScript, see 
https://jestjs.io/docs/getting-started#using-typescript
     ÔÇó To have some of your "node_modules" files transformed, you can 
specify a custom "transformIgnorePatterns" in your config.
     ÔÇó If you need a custom transformation specify a "transform" option in 
your config.
     ÔÇó If you simply want to mock your non-JS modules (e.g. binary assets) 
you can stub them out with the "moduleNameMapper" config option.

    You'll find more details and examples of these config options in the docs:
    https://jestjs.io/docs/configuration
    For information about custom transformations, see:
    https://jestjs.io/docs/code-transformation

    Details:

    C:\QA projects\Playwright - 
Typescript\node_modules\until-async\lib\index.js:23
    export { until };
    ^^^^^^

    SyntaxError: Unexpected token 'export'

    [0m [90m 4 |[39m [90m */[39m
     [90m 5 |[39m
    [31m[1m>[22m[39m[90m 6 |[39m [36mimport[39m { setupServer } 
[36mfrom[39m [32m'msw/node'[39m[33m;[39m
     [90m   |[39m [31m[1m^[22m[39m
     [90m 7 |[39m [36mimport[39m { handlers } [36mfrom[39m 
[32m'./handlers'[39m[33m;[39m
     [90m 8 |[39m
     [90m 9 |[39m [90m/**[39m[0m

      at Runtime.createScriptFromCode 
(node_modules/jest-runtime/build/index.js:1505:14)
      at Object.<anonymous> 
(node_modules/msw/src/core/utils/handleRequest.ts:1:23)
      at Object.<anonymous> 
(node_modules/msw/src/node/SetupServerCommonApi.ts:15:31)
      at Object.<anonymous> (src/mocks/server.ts:6:1)
      at Object.<anonymous> (tests/setup.ts:9:1)

FAIL tests/ui/shopping-cart.spec.ts
  ÔùÅ Test suite failed to run

    Jest encountered an unexpected token

    Jest failed to parse a file. This happens e.g. when your code or its 
dependencies use non-standard JavaScript syntax, or when Jest is not 
configured to support such syntax.

    Out of the box Jest supports Babel, which will be used to transform your 
files into valid JS based on your Babel configuration.

    By default "node_modules" folder is ignored by transformers.

    Here's what you can do:
     ÔÇó If you are trying to use ECMAScript Modules, see 
https://jestjs.io/docs/ecmascript-modules for how to enable it.
     ÔÇó If you are trying to use TypeScript, see 
https://jestjs.io/docs/getting-started#using-typescript
     ÔÇó To have some of your "node_modules" files transformed, you can 
specify a custom "transformIgnorePatterns" in your config.
     ÔÇó If you need a custom transformation specify a "transform" option in 
your config.
     ÔÇó If you simply want to mock your non-JS modules (e.g. binary assets) 
you can stub them out with the "moduleNameMapper" config option.

    You'll find more details and examples of these config options in the docs:
    https://jestjs.io/docs/configuration
    For information about custom transformations, see:
    https://jestjs.io/docs/code-transformation

    Details:

    C:\QA projects\Playwright - 
Typescript\node_modules\until-async\lib\index.js:23
    export { until };
    ^^^^^^

    SyntaxError: Unexpected token 'export'

    [0m [90m 4 |[39m [90m */[39m
     [90m 5 |[39m
    [31m[1m>[22m[39m[90m 6 |[39m [36mimport[39m { setupServer } 
[36mfrom[39m [32m'msw/node'[39m[33m;[39m
     [90m   |[39m [31m[1m^[22m[39m
     [90m 7 |[39m [36mimport[39m { handlers } [36mfrom[39m 
[32m'./handlers'[39m[33m;[39m
     [90m 8 |[39m
     [90m 9 |[39m [90m/**[39m[0m

      at Runtime.createScriptFromCode 
(node_modules/jest-runtime/build/index.js:1505:14)
      at Object.<anonymous> 
(node_modules/msw/src/core/utils/handleRequest.ts:1:23)
      at Object.<anonymous> 
(node_modules/msw/src/node/SetupServerCommonApi.ts:15:31)
      at Object.<anonymous> (src/mocks/server.ts:6:1)
      at Object.<anonymous> (tests/setup.ts:9:1)

FAIL tests/ui/auth.spec.ts
  ÔùÅ Test suite failed to run

    Jest encountered an unexpected token

    Jest failed to parse a file. This happens e.g. when your code or its 
dependencies use non-standard JavaScript syntax, or when Jest is not 
configured to support such syntax.

    Out of the box Jest supports Babel, which will be used to transform your 
files into valid JS based on your Babel configuration.

    By default "node_modules" folder is ignored by transformers.

    Here's what you can do:
     ÔÇó If you are trying to use ECMAScript Modules, see 
https://jestjs.io/docs/ecmascript-modules for how to enable it.
     ÔÇó If you are trying to use TypeScript, see 
https://jestjs.io/docs/getting-started#using-typescript
     ÔÇó To have some of your "node_modules" files transformed, you can 
specify a custom "transformIgnorePatterns" in your config.
     ÔÇó If you need a custom transformation specify a "transform" option in 
your config.
     ÔÇó If you simply want to mock your non-JS modules (e.g. binary assets) 
you can stub them out with the "moduleNameMapper" config option.

    You'll find more details and examples of these config options in the docs:
    https://jestjs.io/docs/configuration
    For information about custom transformations, see:
    https://jestjs.io/docs/code-transformation

    Details:

    C:\QA projects\Playwright - 
Typescript\node_modules\until-async\lib\index.js:23
    export { until };
    ^^^^^^

    SyntaxError: Unexpected token 'export'

    [0m [90m 4 |[39m [90m */[39m
     [90m 5 |[39m
    [31m[1m>[22m[39m[90m 6 |[39m [36mimport[39m { setupServer } 
[36mfrom[39m [32m'msw/node'[39m[33m;[39m
     [90m   |[39m [31m[1m^[22m[39m
     [90m 7 |[39m [36mimport[39m { handlers } [36mfrom[39m 
[32m'./handlers'[39m[33m;[39m
     [90m 8 |[39m
     [90m 9 |[39m [90m/**[39m[0m

      at Runtime.createScriptFromCode 
(node_modules/jest-runtime/build/index.js:1505:14)
      at Object.<anonymous> 
(node_modules/msw/src/core/utils/handleRequest.ts:1:23)
      at Object.<anonymous> 
(node_modules/msw/src/node/SetupServerCommonApi.ts:15:31)
      at Object.<anonymous> (src/mocks/server.ts:6:1)
      at Object.<anonymous> (tests/setup.ts:9:1)

Test Suites: 7 failed, 7 total
Tests:       0 total
Snapshots:   0 total
Time:        4.467 s
Ran all test suites.
